exports[`comp should allow removing props from output components to avoid warnings 1`] = `
<div
  className="_1jzdmtb"
  href="https://everydayhero.com" />
`;

exports[`comp should remove props even when they come from a native component 1`] = `
Object {
  "black": "white",
  "className": "_11go4zx",
  "styles": Object {
    "backgroundColor": "white",
  },
}
`;

exports[`comp should remove props even when they come from a native component 2`] = `
<div
  className="_bm5k1h" />
`;
