exports[`addRule should merge 2 objects 1`] = `"cxsync-1588175531"`;
