exports[`addRule should merge 2 objects 1`] = `"d-flex c-blue"`;
